Archive member included because of file (symbol)

c:/winavr-20080610/bin/../lib/gcc/avr/4.3.0/avr5\libgcc.a(_prologue.o)
                              main.o (__prologue_saves__)
c:/winavr-20080610/bin/../lib/gcc/avr/4.3.0/avr5\libgcc.a(_epilogue.o)
                              ip_arp_udp_tcp.o (__epilogue_restores__)
c:/winavr-20080610/bin/../lib/gcc/avr/4.3.0/avr5\libgcc.a(_exit.o)
                              c:/winavr-20080610/bin/../lib/gcc/avr/4.3.0/../../../../avr/lib/avr5/crtm168.o (exit)
c:/winavr-20080610/bin/../lib/gcc/avr/4.3.0/avr5\libgcc.a(_copy_data.o)
                              main.o (__do_copy_data)
c:/winavr-20080610/bin/../lib/gcc/avr/4.3.0/avr5\libgcc.a(_clear_bss.o)
                              main.o (__do_clear_bss)
c:/winavr-20080610/bin/../lib/gcc/avr/4.3.0/../../../../avr/lib/avr5\libc.a(strcpy.o)
                              main.o (strcpy)
c:/winavr-20080610/bin/../lib/gcc/avr/4.3.0/../../../../avr/lib/avr5\libc.a(strncmp.o)
                              main.o (strncmp)

Memory Configuration

Name             Origin             Length             Attributes
text             0x00000000         0x00020000         xr
data             0x00800060         0x0000ffa0         rw !x
eeprom           0x00810000         0x00010000         rw !x
fuse             0x00820000         0x00000400         rw !x
lock             0x00830000         0x00000400         rw !x
signature        0x00840000         0x00000400         rw !x
*default*        0x00000000         0xffffffff

Linker script and memory map

Address of section .data set to 0x800100
LOAD c:/winavr-20080610/bin/../lib/gcc/avr/4.3.0/../../../../avr/lib/avr5/crtm168.o
LOAD main.o
LOAD ip_arp_udp_tcp.o
LOAD enc28j60.o
LOAD timeout.o
LOAD c:/winavr-20080610/bin/../lib/gcc/avr/4.3.0/avr5\libgcc.a
LOAD c:/winavr-20080610/bin/../lib/gcc/avr/4.3.0/../../../../avr/lib/avr5\libc.a
LOAD c:/winavr-20080610/bin/../lib/gcc/avr/4.3.0/avr5\libgcc.a

.hash
 *(.hash)

.dynsym
 *(.dynsym)

.dynstr
 *(.dynstr)

.gnu.version
 *(.gnu.version)

.gnu.version_d
 *(.gnu.version_d)

.gnu.version_r
 *(.gnu.version_r)

.rel.init
 *(.rel.init)

.rela.init
 *(.rela.init)

.rel.text
 *(.rel.text)
 *(.rel.text.*)
 *(.rel.gnu.linkonce.t*)

.rela.text
 *(.rela.text)
 *(.rela.text.*)
 *(.rela.gnu.linkonce.t*)

.rel.fini
 *(.rel.fini)

.rela.fini
 *(.rela.fini)

.rel.rodata
 *(.rel.rodata)
 *(.rel.rodata.*)
 *(.rel.gnu.linkonce.r*)

.rela.rodata
 *(.rela.rodata)
 *(.rela.rodata.*)
 *(.rela.gnu.linkonce.r*)

.rel.data
 *(.rel.data)
 *(.rel.data.*)
 *(.rel.gnu.linkonce.d*)

.rela.data
 *(.rela.data)
 *(.rela.data.*)
 *(.rela.gnu.linkonce.d*)

.rel.ctors
 *(.rel.ctors)

.rela.ctors
 *(.rela.ctors)

.rel.dtors
 *(.rel.dtors)

.rela.dtors
 *(.rela.dtors)

.rel.got
 *(.rel.got)

.rela.got
 *(.rela.got)

.rel.bss
 *(.rel.bss)

.rela.bss
 *(.rela.bss)

.rel.plt
 *(.rel.plt)

.rela.plt
 *(.rela.plt)

.text           0x00000000     0x1260
 *(.vectors)
 .vectors       0x00000000       0x68 c:/winavr-20080610/bin/../lib/gcc/avr/4.3.0/../../../../avr/lib/avr5/crtm168.o
                0x00000000                __vectors
                0x00000000                __vector_default
 *(.vectors)
 *(.progmem.gcc*)
 *(.progmem*)
 .progmem.data  0x00000068      0x299 main.o
                0x00000302                . = ALIGN (0x2)
 *fill*         0x00000301        0x1 00
                0x00000302                __trampolines_start = .
 *(.trampolines)
 .trampolines   0x00000302        0x0 linker stubs
 *(.trampolines*)
                0x00000302                __trampolines_end = .
 *(.jumptables)
 *(.jumptables*)
 *(.lowtext)
 *(.lowtext*)
                0x00000302                __ctors_start = .
 *(.ctors)
                0x00000302                __ctors_end = .
                0x00000302                __dtors_start = .
 *(.dtors)
                0x00000302                __dtors_end = .
 SORT(*)(.ctors)
 SORT(*)(.dtors)
 *(.init0)
 .init0         0x00000302        0x0 c:/winavr-20080610/bin/../lib/gcc/avr/4.3.0/../../../../avr/lib/avr5/crtm168.o
                0x00000302                __init
 *(.init0)
 *(.init1)
 *(.init1)
 *(.init2)
 .init2         0x00000302        0xc c:/winavr-20080610/bin/../lib/gcc/avr/4.3.0/../../../../avr/lib/avr5/crtm168.o
 *(.init2)
 *(.init3)
 *(.init3)
 *(.init4)
 .init4         0x0000030e       0x16 c:/winavr-20080610/bin/../lib/gcc/avr/4.3.0/avr5\libgcc.a(_copy_data.o)
                0x0000030e                __do_copy_data
 .init4         0x00000324       0x10 c:/winavr-20080610/bin/../lib/gcc/avr/4.3.0/avr5\libgcc.a(_clear_bss.o)
                0x00000324                __do_clear_bss
 *(.init4)
 *(.init5)
 *(.init5)
 *(.init6)
 *(.init6)
 *(.init7)
 *(.init7)
 *(.init8)
 *(.init8)
 *(.init9)
 .init9         0x00000334        0x8 c:/winavr-20080610/bin/../lib/gcc/avr/4.3.0/../../../../avr/lib/avr5/crtm168.o
 *(.init9)
 *(.text)
 .text          0x0000033c        0x4 c:/winavr-20080610/bin/../lib/gcc/avr/4.3.0/../../../../avr/lib/avr5/crtm168.o
                0x0000033c                __vector_22
                0x0000033c                __vector_1
                0x0000033c                __vector_24
                0x0000033c                __vector_12
                0x0000033c                __bad_interrupt
                0x0000033c                __vector_6
                0x0000033c                __vector_3
                0x0000033c                __vector_23
                0x0000033c                __vector_25
                0x0000033c                __vector_11
                0x0000033c                __vector_13
                0x0000033c                __vector_17
                0x0000033c                __vector_19
                0x0000033c                __vector_7
                0x0000033c                __vector_5
                0x0000033c                __vector_4
                0x0000033c                __vector_9
                0x0000033c                __vector_2
                0x0000033c                __vector_21
                0x0000033c                __vector_15
                0x0000033c                __vector_8
                0x0000033c                __vector_14
                0x0000033c                __vector_10
                0x0000033c                __vector_16
                0x0000033c                __vector_18
                0x0000033c                __vector_20
 .text          0x00000340      0x39e main.o
                0x0000037c                verify_password
                0x00000396                print_webpage
                0x0000044c                main
                0x00000404                moved_perm
                0x00000340                analyse_get_url
 .text          0x000006de      0x5c0 ip_arp_udp_tcp.o
                0x000007c8                init_ip_arp_udp_tcp
                0x00000a24                make_tcp_ack_with_data
                0x00000b48                make_udp_reply_from_request
                0x00000994                init_len_info
                0x000009da                fill_tcp_data_p
                0x00000aea                make_tcp_synack_from_syn
                0x0000084c                eth_type_is_ip_and_my_ip
                0x000008a6                fill_ip_hdr_checksum
                0x00000814                eth_type_is_arp_and_my_ip
                0x000008d4                make_ip
                0x00000972                get_tcp_data_pointer
                0x00000be6                make_echo_reply_from_request
                0x00000a00                fill_tcp_data
                0x000008f6                make_tcphead
                0x0000088c                make_eth
                0x00000c36                make_arp_answer_from_request
                0x000006de                checksum
                0x00000a78                make_tcp_ack_from_any
 .text          0x00000c9e      0x4f6 enc28j60.o
                0x00000ce2                enc28j60ReadBuffer
                0x00000d44                enc28j60SetBank
                0x0000100e                enc28j60Init
                0x00000cc8                enc28j60WriteOp
                0x00000dd8                enc28j60PhyReadH
                0x00000d9a                enc28j60Read
                0x00000d18                enc28j60WriteBuffer
                0x00000e0a                enc28j60PhyWrite
                0x00000e50                enc28j60getrev
                0x00000e44                enc28j60clkout
                0x00000f20                enc28j60PacketReceive
                0x00000c9e                enc28j60ReadOp
                0x00000e58                enc28j60linkup
                0x00000dae                enc28j60Write
                0x00000e6a                enc28j60PacketSend
 .text          0x00001194       0x30 timeout.o
                0x000011c0                wd_kick
                0x000011a8                wd_init
                0x00001194                delay_ms
 .text          0x000011c4        0x0 c:/winavr-20080610/bin/../lib/gcc/avr/4.3.0/avr5\libgcc.a(_prologue.o)
 .text          0x000011c4        0x0 c:/winavr-20080610/bin/../lib/gcc/avr/4.3.0/avr5\libgcc.a(_epilogue.o)
 .text          0x000011c4        0x0 c:/winavr-20080610/bin/../lib/gcc/avr/4.3.0/avr5\libgcc.a(_exit.o)
 .text          0x000011c4        0x0 c:/winavr-20080610/bin/../lib/gcc/avr/4.3.0/avr5\libgcc.a(_copy_data.o)
 .text          0x000011c4        0x0 c:/winavr-20080610/bin/../lib/gcc/avr/4.3.0/avr5\libgcc.a(_clear_bss.o)
 .text          0x000011c4        0xe c:/winavr-20080610/bin/../lib/gcc/avr/4.3.0/../../../../avr/lib/avr5\libc.a(strcpy.o)
                0x000011c4                strcpy
 .text          0x000011d2       0x1c c:/winavr-20080610/bin/../lib/gcc/avr/4.3.0/../../../../avr/lib/avr5\libc.a(strncmp.o)
                0x000011d2                strncmp
                0x000011ee                . = ALIGN (0x2)
 *(.text.*)
 .text.libgcc   0x000011ee       0x38 c:/winavr-20080610/bin/../lib/gcc/avr/4.3.0/avr5\libgcc.a(_prologue.o)
                0x000011ee                __prologue_saves__
 .text.libgcc   0x00001226       0x36 c:/winavr-20080610/bin/../lib/gcc/avr/4.3.0/avr5\libgcc.a(_epilogue.o)
                0x00001226                __epilogue_restores__
 .text.libgcc   0x0000125c        0x0 c:/winavr-20080610/bin/../lib/gcc/avr/4.3.0/avr5\libgcc.a(_exit.o)
 .text.libgcc   0x0000125c        0x0 c:/winavr-20080610/bin/../lib/gcc/avr/4.3.0/avr5\libgcc.a(_copy_data.o)
 .text.libgcc   0x0000125c        0x0 c:/winavr-20080610/bin/../lib/gcc/avr/4.3.0/avr5\libgcc.a(_clear_bss.o)
                0x0000125c                . = ALIGN (0x2)
 *(.fini9)
 .fini9         0x0000125c        0x0 c:/winavr-20080610/bin/../lib/gcc/avr/4.3.0/avr5\libgcc.a(_exit.o)
                0x0000125c                exit
                0x0000125c                _exit
 *(.fini9)
 *(.fini8)
 *(.fini8)
 *(.fini7)
 *(.fini7)
 *(.fini6)
 *(.fini6)
 *(.fini5)
 *(.fini5)
 *(.fini4)
 *(.fini4)
 *(.fini3)
 *(.fini3)
 *(.fini2)
 *(.fini2)
 *(.fini1)
 *(.fini1)
 *(.fini0)
 .fini0         0x0000125c        0x4 c:/winavr-20080610/bin/../lib/gcc/avr/4.3.0/avr5\libgcc.a(_exit.o)
 *(.fini0)
                0x00001260                _etext = .

.data           0x00800100       0x48 load address 0x00001260
                0x00800100                PROVIDE (__data_start, .)
 *(.data)
 .data          0x00800100        0x0 c:/winavr-20080610/bin/../lib/gcc/avr/4.3.0/../../../../avr/lib/avr5/crtm168.o
 .data          0x00800100       0x45 main.o
 .data          0x00800145        0x2 ip_arp_udp_tcp.o
 .data          0x00800147        0x0 enc28j60.o
 .data          0x00800147        0x0 timeout.o
 .data          0x00800147        0x0 c:/winavr-20080610/bin/../lib/gcc/avr/4.3.0/avr5\libgcc.a(_prologue.o)
 .data          0x00800147        0x0 c:/winavr-20080610/bin/../lib/gcc/avr/4.3.0/avr5\libgcc.a(_epilogue.o)
 .data          0x00800147        0x0 c:/winavr-20080610/bin/../lib/gcc/avr/4.3.0/avr5\libgcc.a(_exit.o)
 .data          0x00800147        0x0 c:/winavr-20080610/bin/../lib/gcc/avr/4.3.0/avr5\libgcc.a(_copy_data.o)
 .data          0x00800147        0x0 c:/winavr-20080610/bin/../lib/gcc/avr/4.3.0/avr5\libgcc.a(_clear_bss.o)
 .data          0x00800147        0x0 c:/winavr-20080610/bin/../lib/gcc/avr/4.3.0/../../../../avr/lib/avr5\libc.a(strcpy.o)
 .data          0x00800147        0x0 c:/winavr-20080610/bin/../lib/gcc/avr/4.3.0/../../../../avr/lib/avr5\libc.a(strncmp.o)
 *(.data*)
 *(.rodata)
 *(.rodata*)
 *(.gnu.linkonce.d*)
                0x00800148                . = ALIGN (0x2)
 *fill*         0x00800147        0x1 00
                0x00800148                _edata = .
                0x00800148                PROVIDE (__data_end, .)

.bss            0x00800148      0x1d4 load address 0x000012a8
                0x00800148                PROVIDE (__bss_start, .)
 *(.bss)
 .bss           0x00800148        0x0 c:/winavr-20080610/bin/../lib/gcc/avr/4.3.0/../../../../avr/lib/avr5/crtm168.o
 .bss           0x00800148      0x1c3 main.o
 .bss           0x0080030b        0xe ip_arp_udp_tcp.o
 .bss           0x00800319        0x3 enc28j60.o
 .bss           0x0080031c        0x0 timeout.o
 .bss           0x0080031c        0x0 c:/winavr-20080610/bin/../lib/gcc/avr/4.3.0/avr5\libgcc.a(_prologue.o)
 .bss           0x0080031c        0x0 c:/winavr-20080610/bin/../lib/gcc/avr/4.3.0/avr5\libgcc.a(_epilogue.o)
 .bss           0x0080031c        0x0 c:/winavr-20080610/bin/../lib/gcc/avr/4.3.0/avr5\libgcc.a(_exit.o)
 .bss           0x0080031c        0x0 c:/winavr-20080610/bin/../lib/gcc/avr/4.3.0/avr5\libgcc.a(_copy_data.o)
 .bss           0x0080031c        0x0 c:/winavr-20080610/bin/../lib/gcc/avr/4.3.0/avr5\libgcc.a(_clear_bss.o)
 .bss           0x0080031c        0x0 c:/winavr-20080610/bin/../lib/gcc/avr/4.3.0/../../../../avr/lib/avr5\libc.a(strcpy.o)
 .bss           0x0080031c        0x0 c:/winavr-20080610/bin/../lib/gcc/avr/4.3.0/../../../../avr/lib/avr5\libc.a(strncmp.o)
 *(.bss*)
 *(COMMON)
                0x0080031c                PROVIDE (__bss_end, .)
                0x00001260                __data_load_start = LOADADDR (.data)
                0x000012a8                __data_load_end = (__data_load_start + SIZEOF (.data))

.noinit         0x0080031c        0x0
                0x0080031c                PROVIDE (__noinit_start, .)
 *(.noinit*)
                0x0080031c                PROVIDE (__noinit_end, .)
                0x0080031c                _end = .
                0x0080031c                PROVIDE (__heap_start, .)

.eeprom         0x00810000        0x0
 *(.eeprom*)
                0x00810000                __eeprom_end = .

.fuse
 *(.fuse)
 *(.lfuse)
 *(.hfuse)
 *(.efuse)

.lock
 *(.lock*)

.signature
 *(.signature*)

.stab
 *(.stab)

.stabstr
 *(.stabstr)

.stab.excl
 *(.stab.excl)

.stab.exclstr
 *(.stab.exclstr)

.stab.index
 *(.stab.index)

.stab.indexstr
 *(.stab.indexstr)

.comment
 *(.comment)

.debug
 *(.debug)

.line
 *(.line)

.debug_srcinfo
 *(.debug_srcinfo)

.debug_sfnames
 *(.debug_sfnames)

.debug_aranges  0x00000000       0x80
 *(.debug_aranges)
 .debug_aranges
                0x00000000       0x20 main.o
 .debug_aranges
                0x00000020       0x20 ip_arp_udp_tcp.o
 .debug_aranges
                0x00000040       0x20 enc28j60.o
 .debug_aranges
                0x00000060       0x20 timeout.o

.debug_pubnames
                0x00000000      0x399
 *(.debug_pubnames)
 .debug_pubnames
                0x00000000       0x64 main.o
 .debug_pubnames
                0x00000064      0x1ba ip_arp_udp_tcp.o
 .debug_pubnames
                0x0000021e      0x144 enc28j60.o
 .debug_pubnames
                0x00000362       0x37 timeout.o

.debug_info     0x00000000     0x13b9
 *(.debug_info)
 .debug_info    0x00000000      0x519 main.o
 .debug_info    0x00000519      0x6f9 ip_arp_udp_tcp.o
 .debug_info    0x00000c12      0x65f enc28j60.o
 .debug_info    0x00001271      0x148 timeout.o
 *(.gnu.linkonce.wi.*)

.debug_abbrev   0x00000000      0x604
 *(.debug_abbrev)
 .debug_abbrev  0x00000000      0x105 main.o
 .debug_abbrev  0x00000105      0x223 ip_arp_udp_tcp.o
 .debug_abbrev  0x00000328      0x210 enc28j60.o
 .debug_abbrev  0x00000538       0xcc timeout.o

.debug_line     0x00000000     0x146b
 *(.debug_line)
 .debug_line    0x00000000      0x3db main.o
 .debug_line    0x000003db      0x760 ip_arp_udp_tcp.o
 .debug_line    0x00000b3b      0x7f2 enc28j60.o
 .debug_line    0x0000132d      0x13e timeout.o

.debug_frame    0x00000000      0x2d0
 *(.debug_frame)
 .debug_frame   0x00000000       0x60 main.o
 .debug_frame   0x00000060      0x130 ip_arp_udp_tcp.o
 .debug_frame   0x00000190      0x100 enc28j60.o
 .debug_frame   0x00000290       0x40 timeout.o

.debug_str      0x00000000      0x4c6
 *(.debug_str)
 .debug_str     0x00000000      0x122 main.o
                                0x16b (size before relaxing)
 .debug_str     0x00000122      0x1fa ip_arp_udp_tcp.o
                                0x2f0 (size before relaxing)
 .debug_str     0x0000031c      0x190 enc28j60.o
                                0x263 (size before relaxing)
 .debug_str     0x000004ac       0x1a timeout.o
                                0x11b (size before relaxing)

.debug_loc      0x00000000      0xbde
 *(.debug_loc)
 .debug_loc     0x00000000      0x3d1 main.o
 .debug_loc     0x000003d1      0x4dd ip_arp_udp_tcp.o
 .debug_loc     0x000008ae      0x330 enc28j60.o

.debug_macinfo
 *(.debug_macinfo)
OUTPUT(eth_rem_dev_tcp.out elf32-avr)
LOAD linker stubs

.debug_ranges   0x00000000       0x18
 .debug_ranges  0x00000000       0x18 enc28j60.o
