Archive member included because of file (symbol)

c:/winavr-20080610/bin/../lib/gcc/avr/4.3.0/avr5\libgcc.a(_prologue.o)
                              enc28j60.o (__prologue_saves__)
c:/winavr-20080610/bin/../lib/gcc/avr/4.3.0/avr5\libgcc.a(_epilogue.o)
                              enc28j60.o (__epilogue_restores__)
c:/winavr-20080610/bin/../lib/gcc/avr/4.3.0/avr5\libgcc.a(_exit.o)
                              c:/winavr-20080610/bin/../lib/gcc/avr/4.3.0/../../../../avr/lib/avr5/crtm168.o (exit)
c:/winavr-20080610/bin/../lib/gcc/avr/4.3.0/avr5\libgcc.a(_copy_data.o)
                              test2.o (__do_copy_data)
c:/winavr-20080610/bin/../lib/gcc/avr/4.3.0/avr5\libgcc.a(_clear_bss.o)
                              test2.o (__do_clear_bss)
c:/winavr-20080610/bin/../lib/gcc/avr/4.3.0/../../../../avr/lib/avr5\libc.a(strncmp.o)
                              test2.o (strncmp)

Memory Configuration

Name             Origin             Length             Attributes
text             0x00000000         0x00020000         xr
data             0x00800060         0x0000ffa0         rw !x
eeprom           0x00810000         0x00010000         rw !x
fuse             0x00820000         0x00000400         rw !x
lock             0x00830000         0x00000400         rw !x
signature        0x00840000         0x00000400         rw !x
*default*        0x00000000         0xffffffff

Linker script and memory map

Address of section .data set to 0x800100
LOAD c:/winavr-20080610/bin/../lib/gcc/avr/4.3.0/../../../../avr/lib/avr5/crtm168.o
LOAD test2.o
LOAD enc28j60.o
LOAD timeout.o
LOAD ip_arp_udp_tcp.o
LOAD c:/winavr-20080610/bin/../lib/gcc/avr/4.3.0/avr5\libgcc.a
LOAD c:/winavr-20080610/bin/../lib/gcc/avr/4.3.0/../../../../avr/lib/avr5\libc.a
LOAD c:/winavr-20080610/bin/../lib/gcc/avr/4.3.0/avr5\libgcc.a

.hash
 *(.hash)

.dynsym
 *(.dynsym)

.dynstr
 *(.dynstr)

.gnu.version
 *(.gnu.version)

.gnu.version_d
 *(.gnu.version_d)

.gnu.version_r
 *(.gnu.version_r)

.rel.init
 *(.rel.init)

.rela.init
 *(.rela.init)

.rel.text
 *(.rel.text)
 *(.rel.text.*)
 *(.rel.gnu.linkonce.t*)

.rela.text
 *(.rela.text)
 *(.rela.text.*)
 *(.rela.gnu.linkonce.t*)

.rel.fini
 *(.rel.fini)

.rela.fini
 *(.rela.fini)

.rel.rodata
 *(.rel.rodata)
 *(.rel.rodata.*)
 *(.rel.gnu.linkonce.r*)

.rela.rodata
 *(.rela.rodata)
 *(.rela.rodata.*)
 *(.rela.gnu.linkonce.r*)

.rel.data
 *(.rel.data)
 *(.rel.data.*)
 *(.rel.gnu.linkonce.d*)

.rela.data
 *(.rela.data)
 *(.rela.data.*)
 *(.rela.gnu.linkonce.d*)

.rel.ctors
 *(.rel.ctors)

.rela.ctors
 *(.rela.ctors)

.rel.dtors
 *(.rel.dtors)

.rela.dtors
 *(.rela.dtors)

.rel.got
 *(.rel.got)

.rela.got
 *(.rela.got)

.rel.bss
 *(.rel.bss)

.rela.bss
 *(.rela.bss)

.rel.plt
 *(.rel.plt)

.rela.plt
 *(.rela.plt)

.text           0x00000000      0xe0c
 *(.vectors)
 .vectors       0x00000000       0x68 c:/winavr-20080610/bin/../lib/gcc/avr/4.3.0/../../../../avr/lib/avr5/crtm168.o
                0x00000000                __vectors
                0x00000000                __vector_default
 *(.vectors)
 *(.progmem.gcc*)
 *(.progmem*)
 .progmem.data  0x00000068       0x7c test2.o
                0x000000e4                . = ALIGN (0x2)
                0x000000e4                __trampolines_start = .
 *(.trampolines)
 .trampolines   0x000000e4        0x0 linker stubs
 *(.trampolines*)
                0x000000e4                __trampolines_end = .
 *(.jumptables)
 *(.jumptables*)
 *(.lowtext)
 *(.lowtext*)
                0x000000e4                __ctors_start = .
 *(.ctors)
                0x000000e4                __ctors_end = .
                0x000000e4                __dtors_start = .
 *(.dtors)
                0x000000e4                __dtors_end = .
 SORT(*)(.ctors)
 SORT(*)(.dtors)
 *(.init0)
 .init0         0x000000e4        0x0 c:/winavr-20080610/bin/../lib/gcc/avr/4.3.0/../../../../avr/lib/avr5/crtm168.o
                0x000000e4                __init
 *(.init0)
 *(.init1)
 *(.init1)
 *(.init2)
 .init2         0x000000e4        0xc c:/winavr-20080610/bin/../lib/gcc/avr/4.3.0/../../../../avr/lib/avr5/crtm168.o
 *(.init2)
 *(.init3)
 *(.init3)
 *(.init4)
 .init4         0x000000f0       0x16 c:/winavr-20080610/bin/../lib/gcc/avr/4.3.0/avr5\libgcc.a(_copy_data.o)
                0x000000f0                __do_copy_data
 .init4         0x00000106       0x10 c:/winavr-20080610/bin/../lib/gcc/avr/4.3.0/avr5\libgcc.a(_clear_bss.o)
                0x00000106                __do_clear_bss
 *(.init4)
 *(.init5)
 *(.init5)
 *(.init6)
 *(.init6)
 *(.init7)
 *(.init7)
 *(.init8)
 *(.init8)
 *(.init9)
 .init9         0x00000116        0x8 c:/winavr-20080610/bin/../lib/gcc/avr/4.3.0/../../../../avr/lib/avr5/crtm168.o
 *(.init9)
 *(.text)
 .text          0x0000011e        0x4 c:/winavr-20080610/bin/../lib/gcc/avr/4.3.0/../../../../avr/lib/avr5/crtm168.o
                0x0000011e                __vector_22
                0x0000011e                __vector_1
                0x0000011e                __vector_24
                0x0000011e                __vector_12
                0x0000011e                __bad_interrupt
                0x0000011e                __vector_6
                0x0000011e                __vector_3
                0x0000011e                __vector_23
                0x0000011e                __vector_25
                0x0000011e                __vector_11
                0x0000011e                __vector_13
                0x0000011e                __vector_17
                0x0000011e                __vector_19
                0x0000011e                __vector_7
                0x0000011e                __vector_5
                0x0000011e                __vector_4
                0x0000011e                __vector_9
                0x0000011e                __vector_2
                0x0000011e                __vector_21
                0x0000011e                __vector_15
                0x0000011e                __vector_8
                0x0000011e                __vector_14
                0x0000011e                __vector_10
                0x0000011e                __vector_16
                0x0000011e                __vector_18
                0x0000011e                __vector_20
 .text          0x00000122      0x176 test2.o
                0x00000122                main
 .text          0x00000298      0x4f6 enc28j60.o
                0x000002dc                enc28j60ReadBuffer
                0x0000033e                enc28j60SetBank
                0x00000608                enc28j60Init
                0x000002c2                enc28j60WriteOp
                0x000003d2                enc28j60PhyReadH
                0x00000394                enc28j60Read
                0x00000312                enc28j60WriteBuffer
                0x00000404                enc28j60PhyWrite
                0x0000044a                enc28j60getrev
                0x0000043e                enc28j60clkout
                0x0000051a                enc28j60PacketReceive
                0x00000298                enc28j60ReadOp
                0x00000452                enc28j60linkup
                0x000003a8                enc28j60Write
                0x00000464                enc28j60PacketSend
 .text          0x0000078e       0x30 timeout.o
                0x000007ba                wd_kick
                0x000007a2                wd_init
                0x0000078e                delay_ms
 .text          0x000007be      0x5c0 ip_arp_udp_tcp.o
                0x000008a8                init_ip_arp_udp_tcp
                0x00000b04                make_tcp_ack_with_data
                0x00000c28                make_udp_reply_from_request
                0x00000a74                init_len_info
                0x00000aba                fill_tcp_data_p
                0x00000bca                make_tcp_synack_from_syn
                0x0000092c                eth_type_is_ip_and_my_ip
                0x00000986                fill_ip_hdr_checksum
                0x000008f4                eth_type_is_arp_and_my_ip
                0x000009b4                make_ip
                0x00000a52                get_tcp_data_pointer
                0x00000cc6                make_echo_reply_from_request
                0x00000ae0                fill_tcp_data
                0x000009d6                make_tcphead
                0x0000096c                make_eth
                0x00000d16                make_arp_answer_from_request
                0x000007be                checksum
                0x00000b58                make_tcp_ack_from_any
 .text          0x00000d7e        0x0 c:/winavr-20080610/bin/../lib/gcc/avr/4.3.0/avr5\libgcc.a(_prologue.o)
 .text          0x00000d7e        0x0 c:/winavr-20080610/bin/../lib/gcc/avr/4.3.0/avr5\libgcc.a(_epilogue.o)
 .text          0x00000d7e        0x0 c:/winavr-20080610/bin/../lib/gcc/avr/4.3.0/avr5\libgcc.a(_exit.o)
 .text          0x00000d7e        0x0 c:/winavr-20080610/bin/../lib/gcc/avr/4.3.0/avr5\libgcc.a(_copy_data.o)
 .text          0x00000d7e        0x0 c:/winavr-20080610/bin/../lib/gcc/avr/4.3.0/avr5\libgcc.a(_clear_bss.o)
 .text          0x00000d7e       0x1c c:/winavr-20080610/bin/../lib/gcc/avr/4.3.0/../../../../avr/lib/avr5\libc.a(strncmp.o)
                0x00000d7e                strncmp
                0x00000d9a                . = ALIGN (0x2)
 *(.text.*)
 .text.libgcc   0x00000d9a       0x38 c:/winavr-20080610/bin/../lib/gcc/avr/4.3.0/avr5\libgcc.a(_prologue.o)
                0x00000d9a                __prologue_saves__
 .text.libgcc   0x00000dd2       0x36 c:/winavr-20080610/bin/../lib/gcc/avr/4.3.0/avr5\libgcc.a(_epilogue.o)
                0x00000dd2                __epilogue_restores__
 .text.libgcc   0x00000e08        0x0 c:/winavr-20080610/bin/../lib/gcc/avr/4.3.0/avr5\libgcc.a(_exit.o)
 .text.libgcc   0x00000e08        0x0 c:/winavr-20080610/bin/../lib/gcc/avr/4.3.0/avr5\libgcc.a(_copy_data.o)
 .text.libgcc   0x00000e08        0x0 c:/winavr-20080610/bin/../lib/gcc/avr/4.3.0/avr5\libgcc.a(_clear_bss.o)
                0x00000e08                . = ALIGN (0x2)
 *(.fini9)
 .fini9         0x00000e08        0x0 c:/winavr-20080610/bin/../lib/gcc/avr/4.3.0/avr5\libgcc.a(_exit.o)
                0x00000e08                exit
                0x00000e08                _exit
 *(.fini9)
 *(.fini8)
 *(.fini8)
 *(.fini7)
 *(.fini7)
 *(.fini6)
 *(.fini6)
 *(.fini5)
 *(.fini5)
 *(.fini4)
 *(.fini4)
 *(.fini3)
 *(.fini3)
 *(.fini2)
 *(.fini2)
 *(.fini1)
 *(.fini1)
 *(.fini0)
 .fini0         0x00000e08        0x4 c:/winavr-20080610/bin/../lib/gcc/avr/4.3.0/avr5\libgcc.a(_exit.o)
 *(.fini0)
                0x00000e0c                _etext = .

.data           0x00800100       0x18 load address 0x00000e0c
                0x00800100                PROVIDE (__data_start, .)
 *(.data)
 .data          0x00800100        0x0 c:/winavr-20080610/bin/../lib/gcc/avr/4.3.0/../../../../avr/lib/avr5/crtm168.o
 .data          0x00800100       0x15 test2.o
 .data          0x00800115        0x0 enc28j60.o
 .data          0x00800115        0x0 timeout.o
 .data          0x00800115        0x2 ip_arp_udp_tcp.o
 .data          0x00800117        0x0 c:/winavr-20080610/bin/../lib/gcc/avr/4.3.0/avr5\libgcc.a(_prologue.o)
 .data          0x00800117        0x0 c:/winavr-20080610/bin/../lib/gcc/avr/4.3.0/avr5\libgcc.a(_epilogue.o)
 .data          0x00800117        0x0 c:/winavr-20080610/bin/../lib/gcc/avr/4.3.0/avr5\libgcc.a(_exit.o)
 .data          0x00800117        0x0 c:/winavr-20080610/bin/../lib/gcc/avr/4.3.0/avr5\libgcc.a(_copy_data.o)
 .data          0x00800117        0x0 c:/winavr-20080610/bin/../lib/gcc/avr/4.3.0/avr5\libgcc.a(_clear_bss.o)
 .data          0x00800117        0x0 c:/winavr-20080610/bin/../lib/gcc/avr/4.3.0/../../../../avr/lib/avr5\libc.a(strncmp.o)
 *(.data*)
 *(.rodata)
 *(.rodata*)
 *(.gnu.linkonce.d*)
                0x00800118                . = ALIGN (0x2)
 *fill*         0x00800117        0x1 00
                0x00800118                _edata = .
                0x00800118                PROVIDE (__data_end, .)

.bss            0x00800118      0x170 load address 0x00000e24
                0x00800118                PROVIDE (__bss_start, .)
 *(.bss)
 .bss           0x00800118        0x0 c:/winavr-20080610/bin/../lib/gcc/avr/4.3.0/../../../../avr/lib/avr5/crtm168.o
 .bss           0x00800118      0x15f test2.o
 .bss           0x00800277        0x3 enc28j60.o
 .bss           0x0080027a        0x0 timeout.o
 .bss           0x0080027a        0xe ip_arp_udp_tcp.o
 .bss           0x00800288        0x0 c:/winavr-20080610/bin/../lib/gcc/avr/4.3.0/avr5\libgcc.a(_prologue.o)
 .bss           0x00800288        0x0 c:/winavr-20080610/bin/../lib/gcc/avr/4.3.0/avr5\libgcc.a(_epilogue.o)
 .bss           0x00800288        0x0 c:/winavr-20080610/bin/../lib/gcc/avr/4.3.0/avr5\libgcc.a(_exit.o)
 .bss           0x00800288        0x0 c:/winavr-20080610/bin/../lib/gcc/avr/4.3.0/avr5\libgcc.a(_copy_data.o)
 .bss           0x00800288        0x0 c:/winavr-20080610/bin/../lib/gcc/avr/4.3.0/avr5\libgcc.a(_clear_bss.o)
 .bss           0x00800288        0x0 c:/winavr-20080610/bin/../lib/gcc/avr/4.3.0/../../../../avr/lib/avr5\libc.a(strncmp.o)
 *(.bss*)
 *(COMMON)
                0x00800288                PROVIDE (__bss_end, .)
                0x00000e0c                __data_load_start = LOADADDR (.data)
                0x00000e24                __data_load_end = (__data_load_start + SIZEOF (.data))

.noinit         0x00800288        0x0
                0x00800288                PROVIDE (__noinit_start, .)
 *(.noinit*)
                0x00800288                PROVIDE (__noinit_end, .)
                0x00800288                _end = .
                0x00800288                PROVIDE (__heap_start, .)

.eeprom         0x00810000        0x0
 *(.eeprom*)
                0x00810000                __eeprom_end = .

.fuse
 *(.fuse)
 *(.lfuse)
 *(.hfuse)
 *(.efuse)

.lock
 *(.lock*)

.signature
 *(.signature*)

.stab
 *(.stab)

.stabstr
 *(.stabstr)

.stab.excl
 *(.stab.excl)

.stab.exclstr
 *(.stab.exclstr)

.stab.index
 *(.stab.index)

.stab.indexstr
 *(.stab.indexstr)

.comment
 *(.comment)

.debug
 *(.debug)

.line
 *(.line)

.debug_srcinfo
 *(.debug_srcinfo)

.debug_sfnames
 *(.debug_sfnames)

.debug_aranges  0x00000000       0x80
 *(.debug_aranges)
 .debug_aranges
                0x00000000       0x20 test2.o
 .debug_aranges
                0x00000020       0x20 enc28j60.o
 .debug_aranges
                0x00000040       0x20 timeout.o
 .debug_aranges
                0x00000060       0x20 ip_arp_udp_tcp.o

.debug_pubnames
                0x00000000      0x350
 *(.debug_pubnames)
 .debug_pubnames
                0x00000000       0x1b test2.o
 .debug_pubnames
                0x0000001b      0x144 enc28j60.o
 .debug_pubnames
                0x0000015f       0x37 timeout.o
 .debug_pubnames
                0x00000196      0x1ba ip_arp_udp_tcp.o

.debug_info     0x00000000     0x1048
 *(.debug_info)
 .debug_info    0x00000000      0x1a8 test2.o
 .debug_info    0x000001a8      0x65f enc28j60.o
 .debug_info    0x00000807      0x148 timeout.o
 .debug_info    0x0000094f      0x6f9 ip_arp_udp_tcp.o
 *(.gnu.linkonce.wi.*)

.debug_abbrev   0x00000000      0x5d2
 *(.debug_abbrev)
 .debug_abbrev  0x00000000       0xd3 test2.o
 .debug_abbrev  0x000000d3      0x210 enc28j60.o
 .debug_abbrev  0x000002e3       0xcc timeout.o
 .debug_abbrev  0x000003af      0x223 ip_arp_udp_tcp.o

.debug_line     0x00000000     0x125d
 *(.debug_line)
 .debug_line    0x00000000      0x1cd test2.o
 .debug_line    0x000001cd      0x7f2 enc28j60.o
 .debug_line    0x000009bf      0x13e timeout.o
 .debug_line    0x00000afd      0x760 ip_arp_udp_tcp.o

.debug_frame    0x00000000      0x290
 *(.debug_frame)
 .debug_frame   0x00000000       0x20 test2.o
 .debug_frame   0x00000020      0x100 enc28j60.o
 .debug_frame   0x00000120       0x40 timeout.o
 .debug_frame   0x00000160      0x130 ip_arp_udp_tcp.o

.debug_str      0x00000000      0x470
 *(.debug_str)
 .debug_str     0x00000000       0xd4 test2.o
                                0x10d (size before relaxing)
 .debug_str     0x000000d4      0x198 enc28j60.o
                                0x263 (size before relaxing)
 .debug_str     0x0000026c       0x1a timeout.o
                                0x11b (size before relaxing)
 .debug_str     0x00000286      0x1ea ip_arp_udp_tcp.o
                                0x2f0 (size before relaxing)

.debug_loc      0x00000000      0x8bd
 *(.debug_loc)
 .debug_loc     0x00000000       0xb0 test2.o
 .debug_loc     0x000000b0      0x330 enc28j60.o
 .debug_loc     0x000003e0      0x4dd ip_arp_udp_tcp.o

.debug_macinfo
 *(.debug_macinfo)
OUTPUT(test2.out elf32-avr)
LOAD linker stubs

.debug_ranges   0x00000000       0x18
 .debug_ranges  0x00000000       0x18 enc28j60.o
